[MLflow] WARNING: Security middleware is DISABLED. Your MLflow server is vulnerable to various attacks.
2026/08/15 16:04:08 WARNING mlflow.server: MLflow job execution requirements not met (MLflow job backend does not support Windows system.). Server will start without job execution support. Errors will be surfaced at job invocation time.
2026/08/15 16:04:08 INFO:     Uvicorn running on http://0.0.0.0:5000 (Press CTRL+C to quit)
2026/08/15 16:04:08 INFO:     Started parent process [31476]
C:\Users\dsouz\Recipes-MLOPS\.venv\Lib\site-packages\mlflow\server\fastapi_app.py:19: StarletteDeprecationWarning: starlette.middleware.wsgi is deprecated and will be removed in a future release. Please refer to https://github.com/abersheeran/a2wsgi as a replacement.
  from starlette.middleware.wsgi import WSGIResponder, build_environ
C:\Users\dsouz\Recipes-MLOPS\.venv\Lib\site-packages\mlflow\server\fastapi_app.py:19: StarletteDeprecationWarning: starlette.middleware.wsgi is deprecated and will be removed in a future release. Please refer to https://github.com/abersheeran/a2wsgi as a replacement.
  from starlette.middleware.wsgi import WSGIResponder, build_environ
C:\Users\dsouz\Recipes-MLOPS\.venv\Lib\site-packages\mlflow\server\fastapi_app.py:19: StarletteDeprecationWarning: starlette.middleware.wsgi is deprecated and will be removed in a future release. Please refer to https://github.com/abersheeran/a2wsgi as a replacement.
  from starlette.middleware.wsgi import WSGIResponder, build_environ
C:\Users\dsouz\Recipes-MLOPS\.venv\Lib\site-packages\mlflow\server\fastapi_app.py:19: StarletteDeprecationWarning: starlette.middleware.wsgi is deprecated and will be removed in a future release. Please refer to https://github.com/abersheeran/a2wsgi as a replacement.
  from starlette.middleware.wsgi import WSGIResponder, build_environ
2026/08/15 16:04:11 INFO:     Started server process [19364]
2026/08/15 16:04:11 INFO:     Started server process [22436]
2026/08/15 16:04:11 INFO:     Started server process [5420]
2026/08/15 16:04:11 INFO:     Started server process [25436]
2026/08/15 16:04:11 INFO:     Waiting for application startup.
2026/08/15 16:04:11 INFO:     Waiting for application startup.
2026/08/15 16:04:11 INFO:     Waiting for application startup.
2026/08/15 16:04:11 INFO:     Waiting for application startup.
2026/08/15 16:04:11 INFO:     Application startup complete.
2026/08/15 16:04:11 INFO:     Application startup complete.
2026/08/15 16:04:11 INFO:     Application startup complete.
2026/08/15 16:04:11 INFO:     Application startup complete.
